// Jest Snapshot v1, https://goo.gl/fbAQLP

exports[`<CheckListItemAdd> should render AddButton if isOpened is false 1`] = `
<styled.div>
  <AddButton
    onClick={[Function]}
  >
    Add a item
  </AddButton>
</styled.div>
`;

exports[`<CheckListItemAdd> should render form if isOpened is true 1`] = `
<ClickOutside
  toggleOpened={[Function]}
>
  <styled.div>
    <form
      onSubmit={[Function]}
    >
      <Input
        autoFocus={true}
        onChange={[Function]}
        onKeyDown={[Function]}
        padding=".5rem"
        placeholder="Enter a card title..."
        size=".875rem"
        spellCheck={false}
        type="text"
        value=""
      />
      <styled.div>
        <SubmitButton
          disabled={true}
          type="submit"
        >
          Save
        </SubmitButton>
        <CancelButton
          onClick={[Function]}
        >
          <FontAwesomeIcon
            border={false}
            className=""
            fixedWidth={false}
            flip={null}
            icon="times"
            inverse={false}
            listItem={false}
            mask={null}
            pull={null}
            pulse={false}
            rotation={null}
            size={null}
            spin={false}
            swapOpacity={false}
            symbol={false}
            title=""
            transform={null}
          />
        </CancelButton>
      </styled.div>
    </form>
  </styled.div>
</ClickOutside>
`;
