// Jest Snapshot v1, https://goo.gl/fbAQLP

exports[`<ListCards> should render with given state from Redux store 1`] = `
<styled.div>
  <InnerList
    cardsId={
      Array [
        "Card1ID",
        "Card2ID",
        "Card3ID",
      ]
    }
  />
  <div />
</styled.div>
`;
