// Jest Snapshot v1, https://goo.gl/fbAQLP

exports[`<CardTitle> should render CardTitleEdit component if editTitle is true 1`] = `
<Connect(CardTitleEdit)
  cardId=""
  cardTitle=""
  toggleEditTitle={[Function]}
/>
`;

exports[`<CardTitle> should render title if editTitle is false 1`] = `
<Title
  onClick={[Function]}
/>
`;
